=== Pruning the encoder ===
Found 1 large initializers in /home/njuttu_umass_edu/on-DeviceNLP/outs/pruning/Helsinki-NLP_opus-mt-fr-en/encoder.onnx:
  encoder.embed_tokens.weight: 30471168 elements
Pruned model saved to /home/njuttu_umass_edu/on-DeviceNLP/outs/pruning/Helsinki-NLP_opus-mt-fr-en/encoder.pruned.onnx.


=== Directory contents after encoder pruning ===
total 407M
-rw-rw-r-- 1 njuttu_umass_edu njuttu_umass_edu 1.4K Jun  2 19:33 config.json
-rw-rw-r-- 1 njuttu_umass_edu njuttu_umass_edu 214M Jun  2 19:34 decoder.onnx
-rw-rw-r-- 1 njuttu_umass_edu njuttu_umass_edu  74M Jun  2 20:03 encoder.onnx
drwxrwxr-x 2 njuttu_umass_edu njuttu_umass_edu 4.0K Jun  2 19:46 eval_after_prune
-rw-rw-r-- 1 njuttu_umass_edu njuttu_umass_edu 234K Jun  2 19:33 lm_bias.bin
-rw-rw-r-- 1 njuttu_umass_edu njuttu_umass_edu 117M Jun  2 19:33 lm_weight.bin
-rw-rw-r-- 1 njuttu_umass_edu njuttu_umass_edu 784K Jun  2 19:33 source.spm
-rw-rw-r-- 1 njuttu_umass_edu njuttu_umass_edu 761K Jun  2 19:33 target.spm
-rw-rw-r-- 1 njuttu_umass_edu njuttu_umass_edu  847 Jun  2 19:33 tokenizer_config.json
-rw-rw-r-- 1 njuttu_umass_edu njuttu_umass_edu 1.4M Jun  2 19:33 vocab.json

=== Pruning the decoder ===
Found 1 large initializers in /home/njuttu_umass_edu/on-DeviceNLP/outs/pruning/Helsinki-NLP_opus-mt-fr-en/decoder.onnx:
  decoder.embed_tokens.weight: 30471168 elements
Pruned model saved to /home/njuttu_umass_edu/on-DeviceNLP/outs/pruning/Helsinki-NLP_opus-mt-fr-en/decoder.pruned.onnx.


=== Directory contents after decoder pruning ===
total 291M
-rw-rw-r-- 1 njuttu_umass_edu njuttu_umass_edu 1.4K Jun  2 19:33 config.json
-rw-rw-r-- 1 njuttu_umass_edu njuttu_umass_edu  98M Jun  2 20:03 decoder.onnx
-rw-rw-r-- 1 njuttu_umass_edu njuttu_umass_edu  74M Jun  2 20:03 encoder.onnx
drwxrwxr-x 2 njuttu_umass_edu njuttu_umass_edu 4.0K Jun  2 19:46 eval_after_prune
-rw-rw-r-- 1 njuttu_umass_edu njuttu_umass_edu 234K Jun  2 19:33 lm_bias.bin
-rw-rw-r-- 1 njuttu_umass_edu njuttu_umass_edu 117M Jun  2 19:33 lm_weight.bin
-rw-rw-r-- 1 njuttu_umass_edu njuttu_umass_edu 784K Jun  2 19:33 source.spm
-rw-rw-r-- 1 njuttu_umass_edu njuttu_umass_edu 761K Jun  2 19:33 target.spm
-rw-rw-r-- 1 njuttu_umass_edu njuttu_umass_edu  847 Jun  2 19:33 tokenizer_config.json
-rw-rw-r-- 1 njuttu_umass_edu njuttu_umass_edu 1.4M Jun  2 19:33 vocab.json

=== Sample test on Pruned encoder+decoder ===
Loading tokenizer from /home/njuttu_umass_edu/on-DeviceNLP/outs/pruning/Helsinki-NLP_opus-mt-fr-en
Loading pruned ONNX model…
Tokenizing sample: ['Le chat noir est sur le tapis .']
Generating…
Decoded → The black cat is on the carpet.
=== BLEU on pruned encoder+decoder ===
Loading ONNX model from /home/njuttu_umass_edu/on-DeviceNLP/outs/pruning/Helsinki-NLP_opus-mt-fr-en
Loading tokenizer…
Loading WMT14 dataset…

The BLEU Score (ONNX, validation[:100]): 52.75
